2026-06-05 12:21:26 [INFO] Logging initialized: data\logs\log_20260605_122126.log
2026-06-05 12:21:26 [INFO] Random seed set to 42
2026-06-05 12:21:26 [INFO] ============================================================
2026-06-05 12:21:26 [INFO] OPTUNA HYPERPARAMETER OPTIMIZATION
2026-06-05 12:21:26 [INFO] ============================================================
2026-06-05 12:21:26 [INFO] Device: cpu
2026-06-05 12:21:26 [INFO] Config: data/smoke_hpo_config.json
2026-06-05 12:21:26 [INFO] Trials: 1
2026-06-05 12:21:26 [INFO] HPO epochs per trial: 2
2026-06-05 12:21:26 [INFO] Retrain epochs: 300
2026-06-05 12:21:26 [INFO] Startup trials (random): 10
2026-06-05 12:21:26 [INFO] Pruning warmup epochs: 10
2026-06-05 12:21:26 [INFO] Loading dataset (shared across all trials)...
2026-06-05 12:21:26 [INFO] Dataset: 73 valid entries
2026-06-05 12:21:26 [INFO] Splits: 57 train, 8 val, 8 test
2026-06-05 12:21:26 [INFO] Auto-detection: unimodal distribution -> StandardScaler
2026-06-05 12:21:26 [INFO] TargetNormalizer (scalar): strategy=standard
2026-06-05 12:21:26 [INFO] Dataset: 73 molecules, 57 train, 8 val, 8 test, target=scalar
2026-06-05 12:21:26 [INFO] Created new Optuna study
2026-06-05 12:21:26 [INFO] Computed avg_num_neighbors=19.7 from 57 molecules (cutoff=6.0)
2026-06-05 12:21:27 [INFO]   Layer 1: irreps changed 16x0e+16x1o -> 16x0e+16x1o+16x1e (residual will be skipped for this layer)
2026-06-05 12:21:27 [INFO]   Layer 2: irreps changed 16x0e+16x1o+16x1e -> 16x0o+16x0e+16x1o+16x1e (residual will be skipped for this layer)
2026-06-05 12:21:28 [INFO] Multi-scale readout: per-layer scalar dims = [16, 16, 32, 32, 32], total = 128
2026-06-05 12:21:28 [INFO] Attention readout enabled (learned scalar weights per atom)
2026-06-05 12:21:28 [INFO] Output MLP: 128 -> ... -> 1 (1 layers)
2026-06-05 12:21:28 [INFO] Model: 151,490 parameters, output irreps=1x0e
2026-06-05 12:21:28 [INFO] Optimizer: AdamW, 13 params with WD=5.987474910461405e-05, 29 params without WD (bias/norm)
2026-06-05 12:21:28 [INFO] Loss function: L1Loss
2026-06-05 12:21:28 [INFO] EMA enabled with decay=0.999
2026-06-05 12:21:29 [INFO] Early stopping monitored on: val set (8 samples)
2026-06-05 12:21:33 [INFO] Epoch 001: Train L1=0.8315, Val L1=0.7590, LR=1.07e-03
2026-06-05 12:21:36 [INFO] Epoch 002: Train L1=0.8593, Val L1=0.7588, LR=1.07e-03
2026-06-05 12:21:36 [INFO] Loaded best model from epoch 2
2026-06-05 12:21:36 [INFO] Trial 0: val_loss=0.7588, params=151,490, best_epoch=1, mul=16, layers=5, lmax=1, lr=1.1e-03
2026-06-05 12:21:37 [INFO] Study saved after trial 0: 1 complete, 0 pruned, best=0.7588
2026-06-05 12:21:37 [INFO] Study checkpoint saved: data/optuna\study_20260605_122126.pkl
2026-06-05 12:21:37 [INFO] Optimization completed in 0.2 minutes
2026-06-05 12:21:37 [INFO] ============================================================
2026-06-05 12:21:37 [INFO] OPTIMIZATION RESULTS
2026-06-05 12:21:37 [INFO] ============================================================
2026-06-05 12:21:37 [INFO] Completed: 1, Pruned: 0, Failed: 0
2026-06-05 12:21:37 [INFO] Pruning rate: 0.0%
2026-06-05 12:21:37 [INFO] 
Best trial #0: val_loss = 0.758772
2026-06-05 12:21:37 [INFO]   Hyperparameters:
2026-06-05 12:21:37 [INFO]     batch_size: 16
2026-06-05 12:21:37 [INFO]     clip_grad_norm: 10.0
2026-06-05 12:21:37 [INFO]     dropout: 0.1
2026-06-05 12:21:37 [INFO]     em_dim: 64
2026-06-05 12:21:37 [INFO]     layers: 5
2026-06-05 12:21:37 [INFO]     learning_rate: 0.0010677482709481358
2026-06-05 12:21:37 [INFO]     lmax: 1
2026-06-05 12:21:37 [INFO]     loss_function: l1
2026-06-05 12:21:37 [INFO]     max_radius: 6.0
2026-06-05 12:21:37 [INFO]     mul: 16
2026-06-05 12:21:37 [INFO]     number_of_basis: 32
2026-06-05 12:21:37 [INFO]     output_mlp_hidden: 128
2026-06-05 12:21:37 [INFO]     output_mlp_layers: 1
2026-06-05 12:21:37 [INFO]     radial_layers: 1
2026-06-05 12:21:37 [INFO]     radial_neurons: 128
2026-06-05 12:21:37 [INFO]     readout_type: attention
2026-06-05 12:21:37 [INFO]     scheduler_type: plateau
2026-06-05 12:21:37 [INFO]     use_ema: True
2026-06-05 12:21:37 [INFO]     use_multiscale_readout: True
2026-06-05 12:21:37 [INFO]     weight_decay: 5.987474910461405e-05
2026-06-05 12:21:37 [INFO] Best config saved: data/optuna\best_config_20260605_122126.json
2026-06-05 12:21:37 [INFO] Results saved: data/optuna\results_20260605_122126.json
2026-06-05 12:21:38 [WARNING] Could not plot parameter importance: Cannot evaluate parameter importances with only a single trial.
2026-06-05 12:21:38 [INFO] ============================================================
2026-06-05 12:21:38 [INFO] RETRAINING BEST MODEL WITH FULL EPOCHS
2026-06-05 12:21:38 [INFO] ============================================================
2026-06-05 12:21:38 [INFO] Random seed set to 42
2026-06-05 12:21:38 [INFO] Dataset: 73 valid entries
2026-06-05 12:21:38 [INFO] Splits: 57 train, 8 val, 8 test
2026-06-05 12:21:38 [INFO] Auto-detection: unimodal distribution -> StandardScaler
2026-06-05 12:21:38 [INFO] TargetNormalizer (scalar): strategy=standard
2026-06-05 12:21:38 [INFO] Retrain dataset: 73 molecules, 57 train, 8 val, 8 test
2026-06-05 12:21:38 [INFO] Computed avg_num_neighbors=19.7 from 57 molecules (cutoff=6.0)
2026-06-05 12:21:39 [INFO]   Layer 1: irreps changed 16x0e+16x1o -> 16x0e+16x1o+16x1e (residual will be skipped for this layer)
2026-06-05 12:21:39 [INFO]   Layer 2: irreps changed 16x0e+16x1o+16x1e -> 16x0o+16x0e+16x1o+16x1e (residual will be skipped for this layer)
2026-06-05 12:21:40 [INFO] Multi-scale readout: per-layer scalar dims = [16, 16, 32, 32, 32], total = 128
2026-06-05 12:21:40 [INFO] Attention readout enabled (learned scalar weights per atom)
2026-06-05 12:21:40 [INFO] Output MLP: 128 -> ... -> 1 (1 layers)
2026-06-05 12:21:40 [INFO] Model: 151,490 parameters, output irreps=1x0e
2026-06-05 12:21:40 [INFO] Optimizer: AdamW, 13 params with WD=5.987474910461405e-05, 29 params without WD (bias/norm)
2026-06-05 12:21:40 [INFO] Loss function: L1Loss
2026-06-05 12:21:40 [INFO] EMA enabled with decay=0.999
2026-06-05 12:21:40 [INFO] Early stopping monitored on: val set (8 samples)
2026-06-05 12:21:44 [INFO] Epoch 001: Train L1=0.8315, Val L1=0.7590, LR=1.07e-03
2026-06-05 12:21:47 [INFO] Epoch 002: Train L1=0.8593, Val L1=0.7588, LR=1.07e-03
2026-06-05 12:21:50 [INFO] Epoch 003: Train L1=0.7720, Val L1=0.7584, LR=1.07e-03
2026-06-05 12:21:52 [INFO] Epoch 004: Train L1=0.7563, Val L1=0.7580, LR=1.07e-03
2026-06-05 12:21:55 [INFO] Epoch 005: Train L1=0.7304, Val L1=0.7576, LR=1.07e-03
2026-06-05 12:21:58 [INFO] Epoch 006: Train L1=0.7339, Val L1=0.7571, LR=1.07e-03
2026-06-05 12:22:01 [INFO] Epoch 007: Train L1=0.7590, Val L1=0.7566, LR=1.07e-03
2026-06-05 12:22:04 [INFO] Epoch 008: Train L1=0.7417, Val L1=0.7560, LR=1.07e-03
2026-06-05 12:22:07 [INFO] Epoch 009: Train L1=0.6969, Val L1=0.7553, LR=1.07e-03
2026-06-05 12:22:10 [INFO] Epoch 010: Train L1=0.7150, Val L1=0.7546, LR=1.07e-03
2026-06-05 12:22:13 [INFO] Epoch 011: Train L1=0.7227, Val L1=0.7539, LR=1.07e-03
2026-06-05 12:22:15 [INFO] Epoch 012: Train L1=0.6867, Val L1=0.7532, LR=1.07e-03
2026-06-05 12:22:18 [INFO] Epoch 013: Train L1=0.6896, Val L1=0.7524, LR=1.07e-03
2026-06-05 12:22:21 [INFO] Epoch 014: Train L1=0.6426, Val L1=0.7517, LR=1.07e-03
2026-06-05 12:22:24 [INFO] Epoch 015: Train L1=0.6223, Val L1=0.7509, LR=1.07e-03
2026-06-05 12:22:27 [INFO] Epoch 016: Train L1=0.6927, Val L1=0.7502, LR=1.07e-03
2026-06-05 12:22:30 [INFO] Epoch 017: Train L1=0.5950, Val L1=0.7495, LR=1.07e-03
2026-06-05 12:22:32 [INFO] Epoch 018: Train L1=0.6410, Val L1=0.7488, LR=1.07e-03
2026-06-05 12:22:35 [INFO] Epoch 019: Train L1=0.5664, Val L1=0.7481, LR=1.07e-03
2026-06-05 12:22:38 [INFO] Epoch 020: Train L1=0.5812, Val L1=0.7475, LR=1.07e-03
2026-06-05 12:22:41 [INFO] Epoch 021: Train L1=0.6383, Val L1=0.7467, LR=1.07e-03
2026-06-05 12:22:44 [INFO] Epoch 022: Train L1=0.5854, Val L1=0.7460, LR=1.07e-03
2026-06-05 12:22:47 [INFO] Epoch 023: Train L1=0.5610, Val L1=0.7452, LR=1.07e-03
2026-06-05 12:22:49 [INFO] Epoch 024: Train L1=0.4533, Val L1=0.7444, LR=1.07e-03
2026-06-05 12:22:53 [INFO] Epoch 025: Train L1=0.5005, Val L1=0.7435, LR=1.07e-03
2026-06-05 12:22:56 [INFO] Epoch 026: Train L1=0.5571, Val L1=0.7427, LR=1.07e-03
2026-06-05 12:23:00 [INFO] Epoch 027: Train L1=0.6437, Val L1=0.7420, LR=1.07e-03
2026-06-05 12:23:03 [INFO] Epoch 028: Train L1=0.4058, Val L1=0.7411, LR=1.07e-03
2026-06-05 12:23:06 [INFO] Epoch 029: Train L1=0.4476, Val L1=0.7403, LR=1.07e-03
2026-06-05 12:23:09 [INFO] Epoch 030: Train L1=0.4731, Val L1=0.7395, LR=1.07e-03
2026-06-05 12:23:12 [INFO] Epoch 031: Train L1=0.4570, Val L1=0.7387, LR=1.07e-03
2026-06-05 12:23:14 [INFO] Epoch 032: Train L1=0.4206, Val L1=0.7379, LR=1.07e-03
2026-06-05 12:23:17 [INFO] Epoch 033: Train L1=0.3844, Val L1=0.7371, LR=1.07e-03
2026-06-05 12:23:20 [INFO] Epoch 034: Train L1=0.3653, Val L1=0.7367, LR=1.07e-03
2026-06-05 12:23:23 [INFO] Epoch 035: Train L1=0.3885, Val L1=0.7363, LR=1.07e-03
2026-06-05 12:23:26 [INFO] Epoch 036: Train L1=0.3941, Val L1=0.7358, LR=1.07e-03
2026-06-05 12:23:29 [INFO] Epoch 037: Train L1=0.5124, Val L1=0.7354, LR=1.07e-03
2026-06-05 12:23:32 [INFO] Epoch 038: Train L1=0.4333, Val L1=0.7350, LR=1.07e-03
2026-06-05 12:23:35 [INFO] Epoch 039: Train L1=0.4080, Val L1=0.7345, LR=1.07e-03
2026-06-05 12:23:38 [INFO] Epoch 040: Train L1=0.3640, Val L1=0.7340, LR=1.07e-03
2026-06-05 12:23:41 [INFO] Epoch 041: Train L1=0.5438, Val L1=0.7335, LR=1.07e-03
2026-06-05 12:23:44 [INFO] Epoch 042: Train L1=0.3028, Val L1=0.7330, LR=1.07e-03
2026-06-05 12:23:46 [INFO] Epoch 043: Train L1=0.3544, Val L1=0.7325, LR=1.07e-03
2026-06-05 12:23:49 [INFO] Epoch 044: Train L1=0.4542, Val L1=0.7320, LR=1.07e-03
2026-06-05 12:23:52 [INFO] Epoch 045: Train L1=0.3274, Val L1=0.7315, LR=1.07e-03
2026-06-05 12:23:56 [INFO] Epoch 046: Train L1=0.3220, Val L1=0.7310, LR=1.07e-03
2026-06-05 12:23:59 [INFO] Epoch 047: Train L1=0.3150, Val L1=0.7304, LR=1.07e-03
2026-06-05 12:24:01 [INFO] Epoch 048: Train L1=0.3409, Val L1=0.7298, LR=1.07e-03
2026-06-05 12:24:05 [INFO] Epoch 049: Train L1=0.4606, Val L1=0.7293, LR=1.07e-03
2026-06-05 12:24:08 [INFO] Epoch 050: Train L1=0.3682, Val L1=0.7287, LR=1.07e-03
2026-06-05 12:24:11 [INFO] Epoch 051: Train L1=0.2575, Val L1=0.7282, LR=1.07e-03
2026-06-05 12:24:18 [INFO] Epoch 052: Train L1=0.3295, Val L1=0.7277, LR=1.07e-03
2026-06-05 12:24:25 [INFO] Epoch 053: Train L1=0.3074, Val L1=0.7271, LR=1.07e-03
2026-06-05 12:24:31 [INFO] Epoch 054: Train L1=0.3068, Val L1=0.7266, LR=1.07e-03
2026-06-05 12:24:34 [INFO] Epoch 055: Train L1=0.2455, Val L1=0.7261, LR=1.07e-03
2026-06-05 12:24:37 [INFO] Epoch 056: Train L1=0.3045, Val L1=0.7256, LR=1.07e-03
2026-06-05 12:24:40 [INFO] Epoch 057: Train L1=0.4311, Val L1=0.7251, LR=1.07e-03
2026-06-05 12:24:44 [INFO] Epoch 058: Train L1=0.3726, Val L1=0.7245, LR=1.07e-03
2026-06-05 12:24:47 [INFO] Epoch 059: Train L1=0.3415, Val L1=0.7240, LR=1.07e-03
2026-06-05 12:24:50 [INFO] Epoch 060: Train L1=0.3189, Val L1=0.7235, LR=1.07e-03
2026-06-05 12:24:54 [INFO] Epoch 061: Train L1=0.2660, Val L1=0.7230, LR=1.07e-03
2026-06-05 12:24:57 [INFO] Epoch 062: Train L1=0.2764, Val L1=0.7224, LR=1.07e-03
2026-06-05 12:24:59 [INFO] Epoch 063: Train L1=0.3156, Val L1=0.7218, LR=1.07e-03
2026-06-05 12:25:03 [INFO] Epoch 064: Train L1=0.2313, Val L1=0.7212, LR=1.07e-03
2026-06-05 12:25:06 [INFO] Epoch 065: Train L1=0.5050, Val L1=0.7207, LR=1.07e-03
2026-06-05 12:25:09 [INFO] Epoch 066: Train L1=0.2979, Val L1=0.7201, LR=1.07e-03
2026-06-05 12:25:12 [INFO] Epoch 067: Train L1=0.2744, Val L1=0.7195, LR=1.07e-03
2026-06-05 12:25:15 [INFO] Epoch 068: Train L1=0.3265, Val L1=0.7189, LR=1.07e-03
2026-06-05 12:25:18 [INFO] Epoch 069: Train L1=0.3191, Val L1=0.7184, LR=1.07e-03
2026-06-05 12:25:21 [INFO] Epoch 070: Train L1=0.2635, Val L1=0.7178, LR=1.07e-03
2026-06-05 12:25:24 [INFO] Epoch 071: Train L1=0.2427, Val L1=0.7172, LR=1.07e-03
2026-06-05 12:25:27 [INFO] Epoch 072: Train L1=0.2339, Val L1=0.7166, LR=1.07e-03
2026-06-05 12:25:31 [INFO] Epoch 073: Train L1=0.3098, Val L1=0.7160, LR=1.07e-03
2026-06-05 12:25:34 [INFO] Epoch 074: Train L1=0.2249, Val L1=0.7154, LR=1.07e-03
2026-06-05 12:25:37 [INFO] Epoch 075: Train L1=0.2270, Val L1=0.7147, LR=1.07e-03
2026-06-05 12:25:40 [INFO] Epoch 076: Train L1=0.1927, Val L1=0.7141, LR=1.07e-03
2026-06-05 12:25:43 [INFO] Epoch 077: Train L1=0.2351, Val L1=0.7135, LR=1.07e-03
2026-06-05 12:25:46 [INFO] Epoch 078: Train L1=0.3527, Val L1=0.7128, LR=1.07e-03
2026-06-05 12:25:49 [INFO] Epoch 079: Train L1=0.1976, Val L1=0.7122, LR=1.07e-03
2026-06-05 12:25:52 [INFO] Epoch 080: Train L1=0.1613, Val L1=0.7116, LR=1.07e-03
2026-06-05 12:25:55 [INFO] Epoch 081: Train L1=0.2308, Val L1=0.7110, LR=1.07e-03
2026-06-05 12:25:58 [INFO] Epoch 082: Train L1=0.1988, Val L1=0.7103, LR=1.07e-03
2026-06-05 12:26:01 [INFO] Epoch 083: Train L1=0.2208, Val L1=0.7097, LR=1.07e-03
2026-06-05 12:26:04 [INFO] Epoch 084: Train L1=0.3258, Val L1=0.7090, LR=1.07e-03
2026-06-05 12:26:07 [INFO] Epoch 085: Train L1=0.2253, Val L1=0.7084, LR=1.07e-03
2026-06-05 12:26:10 [INFO] Epoch 086: Train L1=0.2504, Val L1=0.7077, LR=1.07e-03
2026-06-05 12:26:12 [INFO] Epoch 087: Train L1=0.2999, Val L1=0.7071, LR=1.07e-03
2026-06-05 12:26:15 [INFO] Epoch 088: Train L1=0.2855, Val L1=0.7064, LR=1.07e-03
2026-06-05 12:26:18 [INFO] Epoch 089: Train L1=0.2566, Val L1=0.7057, LR=1.07e-03
2026-06-05 12:26:23 [INFO] Epoch 090: Train L1=0.2808, Val L1=0.7051, LR=1.07e-03
2026-06-05 12:26:27 [INFO] Epoch 091: Train L1=0.1635, Val L1=0.7045, LR=1.07e-03
2026-06-05 12:26:31 [INFO] Epoch 092: Train L1=0.2314, Val L1=0.7038, LR=1.07e-03
2026-06-05 12:26:35 [INFO] Epoch 093: Train L1=0.3623, Val L1=0.7030, LR=1.07e-03
2026-06-05 12:26:38 [INFO] Epoch 094: Train L1=0.2225, Val L1=0.7023, LR=1.07e-03
2026-06-05 12:26:41 [INFO] Epoch 095: Train L1=0.3338, Val L1=0.7016, LR=1.07e-03
2026-06-05 12:26:45 [INFO] Epoch 096: Train L1=0.2387, Val L1=0.7008, LR=1.07e-03
2026-06-05 12:26:48 [INFO] Epoch 097: Train L1=0.2488, Val L1=0.7001, LR=1.07e-03
2026-06-05 12:26:53 [INFO] Epoch 098: Train L1=0.2737, Val L1=0.6995, LR=1.07e-03
2026-06-05 12:26:58 [INFO] Epoch 099: Train L1=0.2887, Val L1=0.6988, LR=1.07e-03
2026-06-05 12:27:02 [INFO] Epoch 100: Train L1=0.2125, Val L1=0.6982, LR=1.07e-03
2026-06-05 12:27:10 [INFO] Epoch 101: Train L1=0.2037, Val L1=0.6975, LR=1.07e-03
2026-06-05 12:27:17 [INFO] Epoch 102: Train L1=0.1828, Val L1=0.6968, LR=1.07e-03
2026-06-05 12:27:26 [INFO] Epoch 103: Train L1=0.1548, Val L1=0.6961, LR=1.07e-03
2026-06-05 12:27:34 [INFO] Epoch 104: Train L1=0.1981, Val L1=0.6954, LR=1.07e-03
2026-06-05 12:27:41 [INFO] Epoch 105: Train L1=0.2065, Val L1=0.6947, LR=1.07e-03
2026-06-05 12:27:50 [INFO] Epoch 106: Train L1=0.1582, Val L1=0.6940, LR=1.07e-03
2026-06-05 12:27:57 [INFO] Epoch 107: Train L1=0.1587, Val L1=0.6933, LR=1.07e-03
2026-06-05 12:28:07 [INFO] Epoch 108: Train L1=0.1387, Val L1=0.6926, LR=1.07e-03
2026-06-05 12:28:14 [INFO] Epoch 109: Train L1=0.1724, Val L1=0.6920, LR=1.07e-03
2026-06-05 12:28:23 [INFO] Epoch 110: Train L1=0.2207, Val L1=0.6913, LR=1.07e-03
2026-06-05 12:28:32 [INFO] Epoch 111: Train L1=0.1757, Val L1=0.6906, LR=1.07e-03
2026-06-05 12:28:39 [INFO] Epoch 112: Train L1=0.1785, Val L1=0.6899, LR=1.07e-03
2026-06-05 12:28:47 [INFO] Epoch 113: Train L1=0.1548, Val L1=0.6892, LR=1.07e-03
2026-06-05 12:28:55 [INFO] Epoch 114: Train L1=0.2017, Val L1=0.6885, LR=1.07e-03
2026-06-05 12:29:03 [INFO] Epoch 115: Train L1=0.1747, Val L1=0.6878, LR=1.07e-03
2026-06-05 12:29:08 [INFO] Epoch 116: Train L1=0.1921, Val L1=0.6871, LR=1.07e-03
2026-06-05 12:29:15 [INFO] Epoch 117: Train L1=0.2084, Val L1=0.6864, LR=1.07e-03
2026-06-05 12:29:22 [INFO] Epoch 118: Train L1=0.1532, Val L1=0.6858, LR=1.07e-03
2026-06-05 12:29:30 [INFO] Epoch 119: Train L1=0.1511, Val L1=0.6851, LR=1.07e-03
2026-06-05 12:29:36 [INFO] Epoch 120: Train L1=0.1872, Val L1=0.6844, LR=1.07e-03
2026-06-05 12:29:42 [INFO] Epoch 121: Train L1=0.3461, Val L1=0.6837, LR=1.07e-03
2026-06-05 12:29:47 [INFO] Epoch 122: Train L1=0.1804, Val L1=0.6830, LR=1.07e-03
2026-06-05 12:29:56 [INFO] Epoch 123: Train L1=0.1883, Val L1=0.6823, LR=1.07e-03
2026-06-05 12:30:01 [INFO] Epoch 124: Train L1=0.2121, Val L1=0.6816, LR=1.07e-03
2026-06-05 12:30:06 [INFO] Epoch 125: Train L1=0.1947, Val L1=0.6809, LR=1.07e-03
2026-06-05 12:30:12 [INFO] Epoch 126: Train L1=0.3299, Val L1=0.6802, LR=1.07e-03
2026-06-05 12:30:16 [INFO] Epoch 127: Train L1=0.2161, Val L1=0.6795, LR=1.07e-03
2026-06-05 12:30:23 [INFO] Epoch 128: Train L1=0.2253, Val L1=0.6787, LR=1.07e-03
2026-06-05 12:30:28 [INFO] Epoch 129: Train L1=0.2174, Val L1=0.6780, LR=1.07e-03
2026-06-05 12:30:33 [INFO] Epoch 130: Train L1=0.2869, Val L1=0.6773, LR=1.07e-03
2026-06-05 12:30:37 [INFO] Epoch 131: Train L1=0.1763, Val L1=0.6766, LR=1.07e-03
2026-06-05 12:30:41 [INFO] Epoch 132: Train L1=0.2544, Val L1=0.6758, LR=1.07e-03
2026-06-05 12:30:46 [INFO] Epoch 133: Train L1=0.2209, Val L1=0.6751, LR=1.07e-03
2026-06-05 12:30:52 [INFO] Epoch 134: Train L1=0.1594, Val L1=0.6743, LR=1.07e-03
2026-06-05 12:30:58 [INFO] Epoch 135: Train L1=0.1422, Val L1=0.6735, LR=1.07e-03
2026-06-05 12:31:03 [INFO] Epoch 136: Train L1=0.1772, Val L1=0.6727, LR=1.07e-03
2026-06-05 12:31:07 [INFO] Epoch 137: Train L1=0.1936, Val L1=0.6720, LR=1.07e-03
2026-06-05 12:31:12 [INFO] Epoch 138: Train L1=0.1801, Val L1=0.6712, LR=1.07e-03
2026-06-05 12:31:16 [INFO] Epoch 139: Train L1=0.2044, Val L1=0.6705, LR=1.07e-03
2026-06-05 12:31:23 [INFO] Epoch 140: Train L1=0.1896, Val L1=0.6698, LR=1.07e-03
2026-06-05 12:31:28 [INFO] Epoch 141: Train L1=0.1404, Val L1=0.6691, LR=1.07e-03
2026-06-05 12:31:32 [INFO] Epoch 142: Train L1=0.1339, Val L1=0.6684, LR=1.07e-03
2026-06-05 12:31:37 [INFO] Epoch 143: Train L1=0.1756, Val L1=0.6677, LR=1.07e-03
2026-06-05 12:31:41 [INFO] Epoch 144: Train L1=0.1829, Val L1=0.6670, LR=1.07e-03
2026-06-05 12:31:45 [INFO] Epoch 145: Train L1=0.1763, Val L1=0.6663, LR=1.07e-03
2026-06-05 12:31:51 [INFO] Epoch 146: Train L1=0.1614, Val L1=0.6655, LR=1.07e-03
2026-06-05 12:31:57 [INFO] Epoch 147: Train L1=0.1303, Val L1=0.6648, LR=1.07e-03
2026-06-05 12:32:01 [INFO] Epoch 148: Train L1=0.1781, Val L1=0.6641, LR=1.07e-03
2026-06-05 12:32:05 [INFO] Epoch 149: Train L1=0.2137, Val L1=0.6634, LR=1.07e-03
2026-06-05 12:32:10 [INFO] Epoch 150: Train L1=0.2019, Val L1=0.6627, LR=1.07e-03
2026-06-05 12:32:14 [INFO] Epoch 151: Train L1=0.1686, Val L1=0.6621, LR=1.07e-03
2026-06-05 12:32:19 [INFO] Epoch 152: Train L1=0.1953, Val L1=0.6614, LR=1.07e-03
2026-06-05 12:32:26 [INFO] Epoch 153: Train L1=0.1810, Val L1=0.6606, LR=1.07e-03
2026-06-05 12:32:30 [INFO] Epoch 154: Train L1=0.1771, Val L1=0.6598, LR=1.07e-03
2026-06-05 12:32:34 [INFO] Epoch 155: Train L1=0.2343, Val L1=0.6590, LR=1.07e-03
2026-06-05 12:32:38 [INFO] Epoch 156: Train L1=0.2481, Val L1=0.6581, LR=1.07e-03
2026-06-05 12:32:42 [INFO] Epoch 157: Train L1=0.2135, Val L1=0.6573, LR=1.07e-03
2026-06-05 12:32:46 [INFO] Epoch 158: Train L1=0.2082, Val L1=0.6565, LR=1.07e-03
2026-06-05 12:32:51 [INFO] Epoch 159: Train L1=0.2470, Val L1=0.6558, LR=1.07e-03
2026-06-05 12:32:57 [INFO] Epoch 160: Train L1=0.2842, Val L1=0.6550, LR=1.07e-03
2026-06-05 12:33:01 [INFO] Epoch 161: Train L1=0.1631, Val L1=0.6543, LR=1.07e-03
2026-06-05 12:33:05 [INFO] Epoch 162: Train L1=0.2079, Val L1=0.6535, LR=1.07e-03
2026-06-05 12:33:09 [INFO] Epoch 163: Train L1=0.1657, Val L1=0.6527, LR=1.07e-03
2026-06-05 12:33:13 [INFO] Epoch 164: Train L1=0.1227, Val L1=0.6518, LR=1.07e-03
2026-06-05 12:33:17 [INFO] Epoch 165: Train L1=0.1093, Val L1=0.6510, LR=1.07e-03
2026-06-05 12:33:22 [INFO] Epoch 166: Train L1=0.2103, Val L1=0.6501, LR=1.07e-03
2026-06-05 12:33:27 [INFO] Epoch 167: Train L1=0.2516, Val L1=0.6494, LR=1.07e-03
2026-06-05 12:33:32 [INFO] Epoch 168: Train L1=0.1228, Val L1=0.6486, LR=1.07e-03
2026-06-05 12:33:36 [INFO] Epoch 169: Train L1=0.1445, Val L1=0.6477, LR=1.07e-03
2026-06-05 12:33:40 [INFO] Epoch 170: Train L1=0.1831, Val L1=0.6469, LR=1.07e-03
2026-06-05 12:33:43 [INFO] Epoch 171: Train L1=0.1086, Val L1=0.6462, LR=1.07e-03
2026-06-05 12:33:47 [INFO] Epoch 172: Train L1=0.1401, Val L1=0.6454, LR=1.07e-03
2026-06-05 12:33:56 [INFO] Epoch 173: Train L1=0.1990, Val L1=0.6446, LR=1.07e-03
2026-06-05 12:34:00 [INFO] Epoch 174: Train L1=0.1256, Val L1=0.6438, LR=1.07e-03
2026-06-05 12:34:04 [INFO] Epoch 175: Train L1=0.2044, Val L1=0.6431, LR=1.07e-03
2026-06-05 12:34:07 [INFO] Epoch 176: Train L1=0.1168, Val L1=0.6423, LR=1.07e-03
2026-06-05 12:34:12 [INFO] Epoch 177: Train L1=0.1500, Val L1=0.6415, LR=1.07e-03
2026-06-05 12:34:16 [INFO] Epoch 178: Train L1=0.1703, Val L1=0.6407, LR=1.07e-03
2026-06-05 12:34:22 [INFO] Epoch 179: Train L1=0.1705, Val L1=0.6399, LR=1.07e-03
2026-06-05 12:34:28 [INFO] Epoch 180: Train L1=0.1298, Val L1=0.6391, LR=1.07e-03
2026-06-05 12:34:32 [INFO] Epoch 181: Train L1=0.1414, Val L1=0.6384, LR=1.07e-03
2026-06-05 12:34:36 [INFO] Epoch 182: Train L1=0.1075, Val L1=0.6375, LR=1.07e-03
2026-06-05 12:34:41 [INFO] Epoch 183: Train L1=0.1295, Val L1=0.6367, LR=1.07e-03
2026-06-05 12:34:45 [INFO] Epoch 184: Train L1=0.1683, Val L1=0.6359, LR=1.07e-03
2026-06-05 12:34:49 [INFO] Epoch 185: Train L1=0.1498, Val L1=0.6351, LR=1.07e-03
2026-06-05 12:34:56 [INFO] Epoch 186: Train L1=0.2143, Val L1=0.6343, LR=1.07e-03
2026-06-05 12:35:00 [INFO] Epoch 187: Train L1=0.1519, Val L1=0.6335, LR=1.07e-03
2026-06-05 12:35:05 [INFO] Epoch 188: Train L1=0.1562, Val L1=0.6327, LR=1.07e-03
2026-06-05 12:35:10 [INFO] Epoch 189: Train L1=0.1669, Val L1=0.6319, LR=1.07e-03
2026-06-05 12:35:14 [INFO] Epoch 190: Train L1=0.1416, Val L1=0.6311, LR=1.07e-03
2026-06-05 12:35:19 [INFO] Epoch 191: Train L1=0.1529, Val L1=0.6303, LR=1.07e-03
2026-06-05 12:35:26 [INFO] Epoch 192: Train L1=0.1316, Val L1=0.6295, LR=1.07e-03
2026-06-05 12:35:30 [INFO] Epoch 193: Train L1=0.1345, Val L1=0.6286, LR=1.07e-03
2026-06-05 12:35:34 [INFO] Epoch 194: Train L1=0.1703, Val L1=0.6278, LR=1.07e-03
2026-06-05 12:35:39 [INFO] Epoch 195: Train L1=0.2498, Val L1=0.6270, LR=1.07e-03
2026-06-05 12:35:43 [INFO] Epoch 196: Train L1=0.2255, Val L1=0.6262, LR=1.07e-03
2026-06-05 12:35:47 [INFO] Epoch 197: Train L1=0.1459, Val L1=0.6255, LR=1.07e-03
2026-06-05 12:35:55 [INFO] Epoch 198: Train L1=0.1665, Val L1=0.6248, LR=1.07e-03
2026-06-05 12:35:59 [INFO] Epoch 199: Train L1=0.1665, Val L1=0.6241, LR=1.07e-03
2026-06-05 12:36:04 [INFO] Epoch 200: Train L1=0.1998, Val L1=0.6234, LR=1.07e-03
2026-06-05 12:36:08 [INFO] Epoch 201: Train L1=0.2196, Val L1=0.6227, LR=1.07e-03
2026-06-05 12:36:12 [INFO] Epoch 202: Train L1=0.1487, Val L1=0.6220, LR=1.07e-03
2026-06-05 12:36:16 [INFO] Epoch 203: Train L1=0.1646, Val L1=0.6212, LR=1.07e-03
2026-06-05 12:36:23 [INFO] Epoch 204: Train L1=0.1736, Val L1=0.6204, LR=1.07e-03
2026-06-05 12:36:28 [INFO] Epoch 205: Train L1=0.1520, Val L1=0.6196, LR=1.07e-03
2026-06-05 12:36:32 [INFO] Epoch 206: Train L1=0.2043, Val L1=0.6187, LR=1.07e-03
2026-06-05 12:36:37 [INFO] Epoch 207: Train L1=0.1410, Val L1=0.6179, LR=1.07e-03
2026-06-05 12:36:42 [INFO] Epoch 208: Train L1=0.2176, Val L1=0.6172, LR=1.07e-03
2026-06-05 12:36:46 [INFO] Epoch 209: Train L1=0.1843, Val L1=0.6164, LR=1.07e-03
2026-06-05 12:36:49 [INFO] Epoch 210: Train L1=0.1857, Val L1=0.6156, LR=1.07e-03
2026-06-05 12:36:51 [INFO] Epoch 211: Train L1=0.1592, Val L1=0.6148, LR=1.07e-03
2026-06-05 12:36:55 [INFO] Epoch 212: Train L1=0.1186, Val L1=0.6140, LR=1.07e-03
2026-06-05 12:36:58 [INFO] Epoch 213: Train L1=0.1101, Val L1=0.6132, LR=1.07e-03
2026-06-05 12:37:00 [INFO] Epoch 214: Train L1=0.1154, Val L1=0.6125, LR=1.07e-03
2026-06-05 12:37:03 [INFO] Epoch 215: Train L1=0.1529, Val L1=0.6117, LR=1.07e-03
2026-06-05 12:37:06 [INFO] Epoch 216: Train L1=0.1079, Val L1=0.6109, LR=1.07e-03
2026-06-05 12:37:08 [INFO] Epoch 217: Train L1=0.1091, Val L1=0.6101, LR=1.07e-03
2026-06-05 12:37:11 [INFO] Epoch 218: Train L1=0.1211, Val L1=0.6093, LR=1.07e-03
2026-06-05 12:37:13 [INFO] Epoch 219: Train L1=0.1638, Val L1=0.6085, LR=1.07e-03
2026-06-05 12:37:16 [INFO] Epoch 220: Train L1=0.1555, Val L1=0.6077, LR=1.07e-03
2026-06-05 12:37:19 [INFO] Epoch 221: Train L1=0.1145, Val L1=0.6070, LR=1.07e-03
2026-06-05 12:37:22 [INFO] Epoch 222: Train L1=0.1136, Val L1=0.6063, LR=1.07e-03
2026-06-05 12:37:26 [INFO] Epoch 223: Train L1=0.1843, Val L1=0.6055, LR=1.07e-03
2026-06-05 12:37:29 [INFO] Epoch 224: Train L1=0.2427, Val L1=0.6047, LR=1.07e-03
2026-06-05 12:37:31 [INFO] Epoch 225: Train L1=0.1551, Val L1=0.6038, LR=1.07e-03
2026-06-05 12:37:34 [INFO] Epoch 226: Train L1=0.1504, Val L1=0.6030, LR=1.07e-03
2026-06-05 12:37:37 [INFO] Epoch 227: Train L1=0.0934, Val L1=0.6022, LR=1.07e-03
2026-06-05 12:37:39 [INFO] Epoch 228: Train L1=0.1730, Val L1=0.6015, LR=1.07e-03
2026-06-05 12:37:42 [INFO] Epoch 229: Train L1=0.1414, Val L1=0.6007, LR=1.07e-03
2026-06-05 12:37:45 [INFO] Epoch 230: Train L1=0.1576, Val L1=0.5999, LR=1.07e-03
2026-06-05 12:37:47 [INFO] Epoch 231: Train L1=0.1308, Val L1=0.5991, LR=1.07e-03
2026-06-05 12:37:51 [INFO] Epoch 232: Train L1=0.1205, Val L1=0.5983, LR=1.07e-03
2026-06-05 12:37:54 [INFO] Epoch 233: Train L1=0.1376, Val L1=0.5975, LR=1.07e-03
2026-06-05 12:37:58 [INFO] Epoch 234: Train L1=0.1721, Val L1=0.5966, LR=1.07e-03
2026-06-05 12:38:03 [INFO] Epoch 235: Train L1=0.1255, Val L1=0.5959, LR=1.07e-03
2026-06-05 12:38:08 [INFO] Epoch 236: Train L1=0.1778, Val L1=0.5951, LR=1.07e-03
2026-06-05 12:38:13 [INFO] Epoch 237: Train L1=0.1593, Val L1=0.5943, LR=1.07e-03
2026-06-05 12:38:18 [INFO] Epoch 238: Train L1=0.1488, Val L1=0.5934, LR=1.07e-03
2026-06-05 12:38:25 [INFO] Epoch 239: Train L1=0.1465, Val L1=0.5926, LR=1.07e-03
2026-06-05 12:38:30 [INFO] Epoch 240: Train L1=0.2169, Val L1=0.5919, LR=1.07e-03
2026-06-05 12:38:35 [INFO] Epoch 241: Train L1=0.1022, Val L1=0.5912, LR=1.07e-03
2026-06-05 12:38:40 [INFO] Epoch 242: Train L1=0.1335, Val L1=0.5905, LR=1.07e-03
2026-06-05 12:38:45 [INFO] Epoch 243: Train L1=0.1400, Val L1=0.5898, LR=1.07e-03
2026-06-05 12:38:51 [INFO] Epoch 244: Train L1=0.1652, Val L1=0.5891, LR=1.07e-03
2026-06-05 12:38:58 [INFO] Epoch 245: Train L1=0.1328, Val L1=0.5885, LR=1.07e-03
2026-06-05 12:39:02 [INFO] Epoch 246: Train L1=0.1977, Val L1=0.5878, LR=1.07e-03
2026-06-05 12:39:07 [INFO] Epoch 247: Train L1=0.1547, Val L1=0.5872, LR=1.07e-03
2026-06-05 12:39:11 [INFO] Epoch 248: Train L1=0.1380, Val L1=0.5865, LR=1.07e-03
2026-06-05 12:39:17 [INFO] Epoch 249: Train L1=0.1774, Val L1=0.5857, LR=1.07e-03
2026-06-05 12:39:25 [INFO] Epoch 250: Train L1=0.1098, Val L1=0.5850, LR=1.07e-03
2026-06-05 12:39:30 [INFO] Epoch 251: Train L1=0.1380, Val L1=0.5842, LR=1.07e-03
2026-06-05 12:39:33 [INFO] Epoch 252: Train L1=0.1712, Val L1=0.5834, LR=1.07e-03
2026-06-05 12:39:36 [INFO] Epoch 253: Train L1=0.1721, Val L1=0.5826, LR=1.07e-03
2026-06-05 12:39:39 [INFO] Epoch 254: Train L1=0.1337, Val L1=0.5818, LR=1.07e-03
2026-06-05 12:39:43 [INFO] Epoch 255: Train L1=0.1478, Val L1=0.5810, LR=1.07e-03
2026-06-05 12:39:46 [INFO] Epoch 256: Train L1=0.1445, Val L1=0.5801, LR=1.07e-03
2026-06-05 12:39:48 [INFO] Epoch 257: Train L1=0.1522, Val L1=0.5793, LR=1.07e-03
2026-06-05 12:39:51 [INFO] Epoch 258: Train L1=0.1210, Val L1=0.5785, LR=1.07e-03
2026-06-05 12:39:54 [INFO] Epoch 259: Train L1=0.1517, Val L1=0.5777, LR=1.07e-03
2026-06-05 12:39:57 [INFO] Epoch 260: Train L1=0.1315, Val L1=0.5770, LR=1.07e-03
2026-06-05 12:39:59 [INFO] Epoch 261: Train L1=0.1155, Val L1=0.5764, LR=1.07e-03
2026-06-05 12:40:03 [INFO] Epoch 262: Train L1=0.1523, Val L1=0.5757, LR=1.07e-03
2026-06-05 12:40:07 [INFO] Epoch 263: Train L1=0.1126, Val L1=0.5751, LR=1.07e-03
2026-06-05 12:40:09 [INFO] Epoch 264: Train L1=0.1111, Val L1=0.5743, LR=1.07e-03
2026-06-05 12:40:12 [INFO] Epoch 265: Train L1=0.2024, Val L1=0.5735, LR=1.07e-03
2026-06-05 12:40:15 [INFO] Epoch 266: Train L1=0.1152, Val L1=0.5727, LR=1.07e-03
2026-06-05 12:40:18 [INFO] Epoch 267: Train L1=0.0862, Val L1=0.5719, LR=1.07e-03
2026-06-05 12:40:20 [INFO] Epoch 268: Train L1=0.1003, Val L1=0.5712, LR=1.07e-03
2026-06-05 12:40:25 [INFO] Epoch 269: Train L1=0.1182, Val L1=0.5705, LR=1.07e-03
2026-06-05 12:40:31 [INFO] Epoch 270: Train L1=0.1392, Val L1=0.5698, LR=1.07e-03
2026-06-05 12:40:34 [INFO] Epoch 271: Train L1=0.0945, Val L1=0.5691, LR=1.07e-03
2026-06-05 12:40:37 [INFO] Epoch 272: Train L1=0.1312, Val L1=0.5684, LR=1.07e-03
2026-06-05 12:40:40 [INFO] Epoch 273: Train L1=0.1147, Val L1=0.5676, LR=1.07e-03
2026-06-05 12:40:43 [INFO] Epoch 274: Train L1=0.0937, Val L1=0.5669, LR=1.07e-03
2026-06-05 12:40:45 [INFO] Epoch 275: Train L1=0.1086, Val L1=0.5662, LR=1.07e-03
2026-06-05 12:40:48 [INFO] Epoch 276: Train L1=0.1324, Val L1=0.5654, LR=1.07e-03
2026-06-05 12:40:51 [INFO] Epoch 277: Train L1=0.1352, Val L1=0.5646, LR=1.07e-03
2026-06-05 12:40:53 [INFO] Epoch 278: Train L1=0.1244, Val L1=0.5639, LR=1.07e-03
2026-06-05 12:40:56 [INFO] Epoch 279: Train L1=0.0873, Val L1=0.5631, LR=1.07e-03
2026-06-05 12:40:58 [INFO] Epoch 280: Train L1=0.1353, Val L1=0.5624, LR=1.07e-03
2026-06-05 12:41:01 [INFO] Epoch 281: Train L1=0.1958, Val L1=0.5617, LR=1.07e-03
2026-06-05 12:41:04 [INFO] Epoch 282: Train L1=0.1049, Val L1=0.5609, LR=1.07e-03
2026-06-05 12:41:07 [INFO] Epoch 283: Train L1=0.0913, Val L1=0.5602, LR=1.07e-03
2026-06-05 12:41:10 [INFO] Epoch 284: Train L1=0.1422, Val L1=0.5594, LR=1.07e-03
2026-06-05 12:41:12 [INFO] Epoch 285: Train L1=0.1504, Val L1=0.5587, LR=1.07e-03
2026-06-05 12:41:15 [INFO] Epoch 286: Train L1=0.1126, Val L1=0.5580, LR=1.07e-03
2026-06-05 12:41:18 [INFO] Epoch 287: Train L1=0.1490, Val L1=0.5573, LR=1.07e-03
2026-06-05 12:41:20 [INFO] Epoch 288: Train L1=0.1173, Val L1=0.5567, LR=1.07e-03
2026-06-05 12:41:23 [INFO] Epoch 289: Train L1=0.1000, Val L1=0.5561, LR=1.07e-03
2026-06-05 12:41:26 [INFO] Epoch 290: Train L1=0.1060, Val L1=0.5554, LR=1.07e-03
2026-06-05 12:41:28 [INFO] Epoch 291: Train L1=0.1100, Val L1=0.5547, LR=1.07e-03
2026-06-05 12:41:31 [INFO] Epoch 292: Train L1=0.1037, Val L1=0.5540, LR=1.07e-03
2026-06-05 12:41:33 [INFO] Epoch 293: Train L1=0.1582, Val L1=0.5533, LR=1.07e-03
2026-06-05 12:41:35 [INFO] Epoch 294: Train L1=0.1018, Val L1=0.5526, LR=1.07e-03
2026-06-05 12:41:38 [INFO] Epoch 295: Train L1=0.1470, Val L1=0.5519, LR=1.07e-03
2026-06-05 12:41:40 [INFO] Epoch 296: Train L1=0.0987, Val L1=0.5513, LR=1.07e-03
2026-06-05 12:41:43 [INFO] Epoch 297: Train L1=0.1007, Val L1=0.5507, LR=1.07e-03
2026-06-05 12:41:45 [INFO] Epoch 298: Train L1=0.1054, Val L1=0.5501, LR=1.07e-03
2026-06-05 12:41:48 [INFO] Epoch 299: Train L1=0.1125, Val L1=0.5495, LR=1.07e-03
2026-06-05 12:41:50 [INFO] Epoch 300: Train L1=0.1246, Val L1=0.5490, LR=1.07e-03
2026-06-05 12:41:50 [INFO] Loaded best model from epoch 300
2026-06-05 12:41:51 [INFO] === Best Model Test Metrics ===
2026-06-05 12:41:51 [INFO]   MAE: 0.5420
2026-06-05 12:41:51 [INFO]   RMSE: 0.6058
2026-06-05 12:41:51 [INFO]   R2: 0.4964
2026-06-05 12:41:51 [INFO]   R2_median: 0.5007
2026-06-05 12:41:51 [INFO]   MedAE: 0.4637
2026-06-05 12:41:51 [INFO]   Max_Error: 1.1334
2026-06-05 12:41:51 [INFO]   Error_90th: 0.8648
2026-06-05 12:41:51 [INFO]   Error_95th: 0.9991
2026-06-05 12:41:51 [INFO]   Pearson: 0.8806
2026-06-05 12:41:51 [INFO]   Spearman: 0.7857
2026-06-05 12:41:51 [INFO]   Kendall_tau: 0.6429
2026-06-05 12:41:51 [INFO]   Mean_Signed_Error: 0.1228
2026-06-05 12:41:51 [INFO]   Std_Error: 0.2706
2026-06-05 12:41:52 [INFO] Plot saved: data\figures\loss_history_(Best_HPO)_20260605_124151_410.png
2026-06-05 12:41:52 [INFO] Plot saved: data\figures\parity_plot_20260605_124152_429.png
2026-06-05 12:41:53 [INFO] Plot saved: data\figures\error_histogram_20260605_124152_973.png
2026-06-05 12:41:53 [INFO] Best model saved: data/models/hpo_smoke.pt
2026-06-05 12:41:53 [INFO] 
============================================================
2026-06-05 12:41:53 [INFO] FINAL SUMMARY
2026-06-05 12:41:53 [INFO] ============================================================
2026-06-05 12:41:53 [INFO] HPO best val_loss: 0.758772
2026-06-05 12:41:53 [INFO] Final test MAE: 0.5420
2026-06-05 12:41:53 [INFO] Final test RMSE: 0.6058
2026-06-05 12:41:53 [INFO] Final test R2: 0.4964
2026-06-05 12:41:53 [INFO] Final test R2_median: 0.5007
2026-06-05 12:41:53 [INFO] Final test MedAE: 0.4637
2026-06-05 12:41:53 [INFO] Final test Max_Error: 1.1334
2026-06-05 12:41:53 [INFO] Final test Error_90th: 0.8648
2026-06-05 12:41:53 [INFO] Final test Error_95th: 0.9991
2026-06-05 12:41:53 [INFO] Final test Pearson: 0.8806
2026-06-05 12:41:53 [INFO] Final test Spearman: 0.7857
2026-06-05 12:41:53 [INFO] Final test Kendall_tau: 0.6429
2026-06-05 12:41:53 [INFO] Final test Mean_Signed_Error: 0.1228
2026-06-05 12:41:53 [INFO] Final test Std_Error: 0.2706
2026-06-05 12:41:53 [INFO] Best config: data/optuna\best_config_20260605_122126.json
2026-06-05 12:41:53 [INFO] Run production: python -m e3verde.run data/optuna\best_config_20260605_122126.json
