2026-06-05 11:54:12 [INFO] Logging initialized: data\logs\log_20260605_115412.log
2026-06-05 11:54:12 [INFO] Random seed set to 42
2026-06-05 11:54:12 [INFO] Device: cpu
2026-06-05 11:54:12 [INFO] Loading dataset...
2026-06-05 11:54:13 [INFO] Dataset: 5552 valid entries
2026-06-05 11:54:14 [INFO] Splits: 4440 train, 556 val, 556 test
2026-06-05 11:54:14 [INFO] Auto-detection: unimodal distribution -> StandardScaler
2026-06-05 11:54:14 [INFO] TargetNormalizer (scalar): strategy=standard
2026-06-05 11:54:15 [INFO] Dataset: 5552 molecules (4440 train, 556 val, 556 test), target=scalar
2026-06-05 11:54:15 [INFO] Distribution diagnosis: N=4440, mean=1.7294, median=1.7700, std=0.8705, peaks=2, bimodal=True
2026-06-05 11:54:15 [WARNING] BIMODAL DISTRIBUTION DETECTED - R² may be artificially low. Use Spearman correlation as a more robust metric.
2026-06-05 11:54:15 [INFO] Starting training...
2026-06-05 11:54:16 [INFO] Computed avg_num_neighbors=16.5 from 200 molecules (cutoff=5.0)
2026-06-05 11:54:17 [INFO]   Layer 1: irreps changed 16x0e+16x1o -> 16x0e+16x1o+16x1e (residual will be skipped for this layer)
2026-06-05 11:54:17 [INFO] Attention readout enabled (learned scalar weights per atom)
2026-06-05 11:54:17 [INFO] Output MLP: 16 -> ... -> 1 (1 layers)
2026-06-05 11:54:17 [INFO] Model: 17,666 parameters, output irreps=1x0e
2026-06-05 11:54:17 [INFO] Optimizer: AdamW, 9 params with WD=1e-05, 15 params without WD (bias/norm)
2026-06-05 11:54:17 [INFO] Loss function: L1Loss
2026-06-05 11:54:55 [INFO] Early stopping monitored on: val set (556 samples)
2026-06-05 11:56:56 [INFO] Epoch 001: Train L1=0.4937, Val L1=0.3962, LR=1.00e-03
2026-06-05 11:58:24 [INFO] Epoch 002: Train L1=0.3289, Val L1=0.3864, LR=1.00e-07
2026-06-05 11:58:24 [INFO] Loaded best model from epoch 2
2026-06-05 11:58:39 [INFO] Validation Metrics:
2026-06-05 11:58:39 [INFO]   MAE: 0.3364
2026-06-05 11:58:39 [INFO]   RMSE: 0.5909
2026-06-05 11:58:39 [INFO]   R2: 0.6064
2026-06-05 11:58:39 [INFO]   R2_median: 0.6078
2026-06-05 11:58:39 [INFO]   MedAE: 0.2313
2026-06-05 11:58:39 [INFO]   Max_Error: 3.4456
2026-06-05 11:58:39 [INFO]   Error_90th: 0.5672
2026-06-05 11:58:39 [INFO]   Error_95th: 0.7445
2026-06-05 11:58:39 [INFO]   Pearson: 0.8210
2026-06-05 11:58:39 [INFO]   Spearman: 0.8995
2026-06-05 11:58:39 [INFO]   Kendall_tau: 0.7583
2026-06-05 11:58:39 [INFO]   Mean_Signed_Error: 0.2449
2026-06-05 11:58:39 [INFO]   Std_Error: 0.4858
2026-06-05 11:58:39 [INFO]   MAE_size_11: 0.2310
2026-06-05 11:58:39 [INFO]   MAE_size_13: 0.2555
2026-06-05 11:58:39 [INFO]   MAE_size_14: 0.3262
2026-06-05 11:58:39 [INFO]   MAE_size_16: 0.3120
2026-06-05 11:58:39 [INFO]   MAE_size_18: 0.1592
2026-06-05 11:58:39 [INFO]   MAE_size_19: 0.2040
2026-06-05 11:58:39 [INFO]   MAE_size_20: 0.4804
2026-06-05 11:58:39 [INFO]   MAE_size_21: 0.3179
2026-06-05 11:58:39 [INFO]   MAE_size_22: 1.0914
2026-06-05 11:58:39 [INFO]   MAE_size_23: 0.3185
2026-06-05 11:58:39 [INFO]   MAE_size_24: 0.5419
2026-06-05 11:58:39 [INFO]   MAE_size_25: 0.2566
2026-06-05 11:58:39 [INFO]   MAE_size_26: 0.4448
2026-06-05 11:58:39 [INFO]   MAE_size_27: 0.3210
2026-06-05 11:58:39 [INFO]   MAE_size_28: 0.4841
2026-06-05 11:58:39 [INFO]   MAE_size_29: 0.2566
2026-06-05 11:58:39 [INFO]   MAE_size_30: 0.2984
2026-06-05 11:58:39 [INFO]   MAE_size_31: 0.2783
2026-06-05 11:58:39 [INFO]   MAE_size_32: 0.4506
2026-06-05 11:58:39 [INFO]   MAE_size_33: 0.2107
2026-06-05 11:58:39 [INFO]   MAE_size_34: 0.3259
2026-06-05 11:58:39 [INFO]   MAE_size_35: 0.2753
2026-06-05 11:58:39 [INFO]   MAE_size_36: 0.3248
2026-06-05 11:58:39 [INFO]   MAE_size_37: 0.2250
2026-06-05 11:58:39 [INFO]   MAE_size_38: 0.3864
2026-06-05 11:58:39 [INFO]   MAE_size_39: 0.3577
2026-06-05 11:58:39 [INFO]   MAE_size_40: 0.3535
2026-06-05 11:58:39 [INFO]   MAE_size_41: 0.4665
2026-06-05 11:58:39 [INFO]   MAE_size_42: 0.2415
2026-06-05 11:58:39 [INFO]   MAE_size_43: 0.1844
2026-06-05 11:58:39 [INFO]   MAE_size_44: 0.2010
2026-06-05 11:58:39 [INFO]   MAE_size_45: 0.2339
2026-06-05 11:58:39 [INFO]   MAE_size_46: 0.1676
2026-06-05 11:58:39 [INFO]   MAE_size_47: 0.2605
2026-06-05 11:58:39 [INFO]   MAE_size_48: 0.3585
2026-06-05 11:58:39 [INFO]   MAE_size_50: 0.2282
2026-06-05 11:58:39 [INFO]   MAE_size_52: 0.1803
2026-06-05 11:58:39 [INFO]   MAE_size_53: 0.1306
2026-06-05 11:58:39 [INFO]   MAE_size_55: 0.1843
2026-06-05 11:58:39 [INFO]   MAE_size_86: 0.1391
2026-06-05 11:58:39 [INFO]   MAE_size_89: 0.1631
2026-06-05 11:58:39 [INFO]   MAE_size_97: 0.3991
2026-06-05 11:58:39 [INFO] Predictions (val) saved: data/csv\train_20260605_115415__predictions_val.csv
2026-06-05 11:58:39 [INFO] Metrics (val) saved: data/csv\train_20260605_115415__metrics_val.csv
2026-06-05 11:58:55 [INFO] Test Metrics (held-out, unbiased):
2026-06-05 11:58:55 [INFO]   MAE: 0.2971
2026-06-05 11:58:55 [INFO]   RMSE: 0.4385
2026-06-05 11:58:55 [INFO]   R2: 0.7175
2026-06-05 11:58:55 [INFO]   R2_median: 0.7175
2026-06-05 11:58:55 [INFO]   MedAE: 0.2405
2026-06-05 11:58:55 [INFO]   Max_Error: 3.2096
2026-06-05 11:58:55 [INFO]   Error_90th: 0.5469
2026-06-05 11:58:55 [INFO]   Error_95th: 0.6513
2026-06-05 11:58:55 [INFO]   Pearson: 0.8861
2026-06-05 11:58:55 [INFO]   Spearman: 0.9289
2026-06-05 11:58:55 [INFO]   Kendall_tau: 0.7792
2026-06-05 11:58:55 [INFO]   Mean_Signed_Error: 0.2140
2026-06-05 11:58:55 [INFO]   Std_Error: 0.3225
2026-06-05 11:58:55 [INFO]   MAE_size_11: 0.5675
2026-06-05 11:58:55 [INFO]   MAE_size_12: 0.3188
2026-06-05 11:58:55 [INFO]   MAE_size_13: 0.6205
2026-06-05 11:58:55 [INFO]   MAE_size_15: 0.1753
2026-06-05 11:58:55 [INFO]   MAE_size_16: 0.1569
2026-06-05 11:58:55 [INFO]   MAE_size_17: 0.0511
2026-06-05 11:58:55 [INFO]   MAE_size_18: 1.1155
2026-06-05 11:58:55 [INFO]   MAE_size_19: 0.3631
2026-06-05 11:58:55 [INFO]   MAE_size_20: 0.5844
2026-06-05 11:58:55 [INFO]   MAE_size_21: 0.2590
2026-06-05 11:58:55 [INFO]   MAE_size_22: 0.3024
2026-06-05 11:58:55 [INFO]   MAE_size_23: 0.3344
2026-06-05 11:58:55 [INFO]   MAE_size_24: 0.4860
2026-06-05 11:58:55 [INFO]   MAE_size_25: 0.2248
2026-06-05 11:58:55 [INFO]   MAE_size_26: 0.3051
2026-06-05 11:58:55 [INFO]   MAE_size_27: 0.3094
2026-06-05 11:58:55 [INFO]   MAE_size_28: 0.2586
2026-06-05 11:58:55 [INFO]   MAE_size_29: 0.1938
2026-06-05 11:58:55 [INFO]   MAE_size_30: 0.2913
2026-06-05 11:58:55 [INFO]   MAE_size_31: 0.2847
2026-06-05 11:58:55 [INFO]   MAE_size_32: 0.3661
2026-06-05 11:58:55 [INFO]   MAE_size_33: 0.2499
2026-06-05 11:58:55 [INFO]   MAE_size_34: 0.4754
2026-06-05 11:58:55 [INFO]   MAE_size_35: 0.2655
2026-06-05 11:58:55 [INFO]   MAE_size_36: 0.2563
2026-06-05 11:58:55 [INFO]   MAE_size_37: 0.2521
2026-06-05 11:58:55 [INFO]   MAE_size_38: 0.3084
2026-06-05 11:58:55 [INFO]   MAE_size_39: 0.3099
2026-06-05 11:58:55 [INFO]   MAE_size_40: 0.3026
2026-06-05 11:58:55 [INFO]   MAE_size_41: 0.2249
2026-06-05 11:58:55 [INFO]   MAE_size_42: 0.1534
2026-06-05 11:58:55 [INFO]   MAE_size_43: 0.2940
2026-06-05 11:58:55 [INFO]   MAE_size_44: 0.2417
2026-06-05 11:58:55 [INFO]   MAE_size_45: 0.3464
2026-06-05 11:58:55 [INFO]   MAE_size_46: 0.2523
2026-06-05 11:58:55 [INFO]   MAE_size_47: 0.1813
2026-06-05 11:58:55 [INFO]   MAE_size_48: 0.2304
2026-06-05 11:58:55 [INFO]   MAE_size_50: 0.0534
2026-06-05 11:58:55 [INFO]   MAE_size_51: 0.2189
2026-06-05 11:58:55 [INFO]   MAE_size_52: 0.2295
2026-06-05 11:58:55 [INFO]   MAE_size_53: 0.1940
2026-06-05 11:58:55 [INFO] Predictions (test) saved: data/csv\train_20260605_115415__predictions_test.csv
2026-06-05 11:58:55 [INFO] Metrics (test) saved: data/csv\train_20260605_115415__metrics_test.csv
2026-06-05 11:58:55 [INFO] History saved: data/csv\train_20260605_115415__training_history.csv
2026-06-05 11:58:55 [INFO] Splits saved: data/csv\train_20260605_115415__splits.csv
2026-06-05 11:58:55 [INFO] Config saved: data/csv\train_20260605_115415__run_config.csv
2026-06-05 11:58:55 [INFO] Model saved: data/models/smoke_test.pt
2026-06-05 11:58:55 [INFO] Generating plots...
2026-06-05 11:58:56 [INFO] Plot saved: data\figures\loss_history_20260605_115855_346.png
2026-06-05 11:58:56 [INFO] Plot saved: data\figures\target_distribution_20260605_115856_297.png
2026-06-05 11:58:57 [INFO] Plot saved: data\figures\parity_plot_20260605_115857_050.png
2026-06-05 11:58:57 [INFO] Plot saved: data\figures\error_histogram_20260605_115857_533.png
2026-06-05 11:58:58 [INFO] Plot saved: data\figures\residuals_20260605_115857_845.png
2026-06-05 11:58:58 [INFO] Completed successfully!
